// Jest Snapshot v1, https://goo.gl/fbAQLP

exports[`testing CsvToCredential component should snapshot works with english language 1`] = `
<div
  aria-hidden="true"
>
  <div
    aria-describedby="description"
    aria-labelledby="modal-title"
    class="ForwardRef(Modal)-root ForwardRef(Modal)-root"
    data-testid="modal-alert"
    role="presentation"
    style="position: fixed; z-index: 1300; right: 0px; bottom: 0px; top: 0px; left: 0px;"
  >
    <div
      aria-hidden="true"
      class="MuiBackdrop-root WithStyles(ForwardRef(Backdrop))-root"
      style="opacity: 1; webkit-transition: opacity 500ms cubic-bezier(0.4, 0, 0.2, 1) 0ms; transition: opacity 500ms cubic-bezier(0.4, 0, 0.2, 1) 0ms;"
    />
    <div
      data-test="sentinelStart"
      tabindex="0"
    />
    <div
      class="MuiPaper-root Component-root Component-root ForwardRef(Fade)-root MuiPaper-elevation5 MuiPaper-rounded"
      style="opacity: 1; webkit-transition: opacity 225ms cubic-bezier(0.4, 0, 0.2, 1) 0ms; transition: opacity 225ms cubic-bezier(0.4, 0, 0.2, 1) 0ms;"
      tabindex="-1"
    >
      <p
        class="MuiTypography-root Component-root Component-root MuiTypography-body1"
      >
        Select file
      </p>
      <label
        for="input-csv-to-credential-upload-csv"
      >
        <input
          accept=".csv"
          data-testid="input-csv-to-credential-upload"
          id="input-csv-to-credential-upload-csv"
          style="display: none;"
          type="file"
        />
        <span
          aria-disabled="false"
          class="MuiButtonBase-root MuiButton-root MuiButton-contained Component-root Component-root MuiButton-containedPrimary"
          role="button"
          tabindex="0"
        >
          <span
            class="MuiButton-label"
          >
            Import CSV
          </span>
          <span
            class="MuiTouchRipple-root"
          />
        </span>
      </label>
    </div>
    <div
      data-test="sentinelEnd"
      tabindex="0"
    />
  </div>
</div>
`;

exports[`testing CsvToCredential component should snapshot works with portuguese language 1`] = `
<div
  aria-hidden="true"
>
  <div
    aria-describedby="description"
    aria-labelledby="modal-title"
    class="ForwardRef(Modal)-root ForwardRef(Modal)-root"
    data-testid="modal-alert"
    role="presentation"
    style="position: fixed; z-index: 1300; right: 0px; bottom: 0px; top: 0px; left: 0px;"
  >
    <div
      aria-hidden="true"
      class="MuiBackdrop-root WithStyles(ForwardRef(Backdrop))-root"
      style="opacity: 1; webkit-transition: opacity 500ms cubic-bezier(0.4, 0, 0.2, 1) 0ms; transition: opacity 500ms cubic-bezier(0.4, 0, 0.2, 1) 0ms;"
    />
    <div
      data-test="sentinelStart"
      tabindex="0"
    />
    <div
      class="MuiPaper-root Component-root Component-root ForwardRef(Fade)-root MuiPaper-elevation5 MuiPaper-rounded"
      style="opacity: 1; webkit-transition: opacity 225ms cubic-bezier(0.4, 0, 0.2, 1) 0ms; transition: opacity 225ms cubic-bezier(0.4, 0, 0.2, 1) 0ms;"
      tabindex="-1"
    >
      <p
        class="MuiTypography-root Component-root Component-root MuiTypography-body1"
      >
        Select file
      </p>
      <label
        for="input-csv-to-credential-upload-csv"
      >
        <input
          accept=".csv"
          data-testid="input-csv-to-credential-upload"
          id="input-csv-to-credential-upload-csv"
          style="display: none;"
          type="file"
        />
        <span
          aria-disabled="false"
          class="MuiButtonBase-root MuiButton-root MuiButton-contained Component-root Component-root MuiButton-containedPrimary"
          role="button"
          tabindex="0"
        >
          <span
            class="MuiButton-label"
          >
            Import CSV
          </span>
          <span
            class="MuiTouchRipple-root"
          />
        </span>
      </label>
    </div>
    <div
      data-test="sentinelEnd"
      tabindex="0"
    />
  </div>
</div>
`;

exports[`testing CsvToCredential component should snapshot works with spanish language 1`] = `
<div
  aria-hidden="true"
>
  <div
    aria-describedby="description"
    aria-labelledby="modal-title"
    class="ForwardRef(Modal)-root ForwardRef(Modal)-root"
    data-testid="modal-alert"
    role="presentation"
    style="position: fixed; z-index: 1300; right: 0px; bottom: 0px; top: 0px; left: 0px;"
  >
    <div
      aria-hidden="true"
      class="MuiBackdrop-root WithStyles(ForwardRef(Backdrop))-root"
      style="opacity: 1; webkit-transition: opacity 500ms cubic-bezier(0.4, 0, 0.2, 1) 0ms; transition: opacity 500ms cubic-bezier(0.4, 0, 0.2, 1) 0ms;"
    />
    <div
      data-test="sentinelStart"
      tabindex="0"
    />
    <div
      class="MuiPaper-root Component-root Component-root ForwardRef(Fade)-root MuiPaper-elevation5 MuiPaper-rounded"
      style="opacity: 1; webkit-transition: opacity 225ms cubic-bezier(0.4, 0, 0.2, 1) 0ms; transition: opacity 225ms cubic-bezier(0.4, 0, 0.2, 1) 0ms;"
      tabindex="-1"
    >
      <p
        class="MuiTypography-root Component-root Component-root MuiTypography-body1"
      >
        Select file
      </p>
      <label
        for="input-csv-to-credential-upload-csv"
      >
        <input
          accept=".csv"
          data-testid="input-csv-to-credential-upload"
          id="input-csv-to-credential-upload-csv"
          style="display: none;"
          type="file"
        />
        <span
          aria-disabled="false"
          class="MuiButtonBase-root MuiButton-root MuiButton-contained Component-root Component-root MuiButton-containedPrimary"
          role="button"
          tabindex="0"
        >
          <span
            class="MuiButton-label"
          >
            Import CSV
          </span>
          <span
            class="MuiTouchRipple-root"
          />
        </span>
      </label>
    </div>
    <div
      data-test="sentinelEnd"
      tabindex="0"
    />
  </div>
</div>
`;
